---
http_interactions:
- request:
    method: get
    uri: https://api.github.com/repos/how-is/example-repository/commits?since=2017-08-1
    body:
      encoding: US-ASCII
      string: ''
    headers:
      Accept:
      - application/vnd.github.v3+json,application/vnd.github.beta+json;q=0.5,application/json;q=0.1
      Accept-Charset:
      - utf-8
      User-Agent:
      - Github API Ruby Gem 0.18.2
      Authorization:
      - Basic ZHVja2luYXRvcjo5MTgyNzc3ZmYzYzAwNjc5NTE5M2E1NzBjZGFjMzI2YjY0NDU5ZGM5
      Accept-Encoding:
      - gzip;q=1.0,deflate;q=0.6,identity;q=0.3
  response:
    status:
      code: 200
      message: OK
    headers:
      Server:
      - GitHub.com
      Date:
      - Sat, 06 Jan 2018 14:58:07 GMT
      Content-Type:
      - application/json; charset=utf-8
      Transfer-Encoding:
      - chunked
      Status:
      - 200 OK
      X-Ratelimit-Limit:
      - '5000'
      X-Ratelimit-Remaining:
      - '4949'
      X-Ratelimit-Reset:
      - '1515251555'
      Cache-Control:
      - private, max-age=60, s-maxage=60
      Vary:
      - Accept, Authorization, Cookie, X-GitHub-OTP
      Etag:
      - W/"16344326ad40df166c215da19f534621"
      Last-Modified:
      - Sat, 05 Aug 2017 20:39:01 GMT
      X-Oauth-Scopes:
      - ''
      X-Accepted-Oauth-Scopes:
      - ''
      X-Github-Media-Type:
      - github.v3; format=json
      Access-Control-Expose-Headers:
      - ETag, Link, Retry-After, X-GitHub-OTP, X-RateLimit-Limit, X-RateLimit-Remaining,
        X-RateLimit-Reset, X-OAuth-Scopes, X-Accepted-OAuth-Scopes, X-Poll-Interval
      Access-Control-Allow-Origin:
      - "*"
      Content-Security-Policy:
      - default-src 'none'
      Strict-Transport-Security:
      - max-age=31536000; includeSubdomains; preload
      X-Content-Type-Options:
      - nosniff
      X-Frame-Options:
      - deny
      X-Xss-Protection:
      - 1; mode=block
      X-Runtime-Rack:
      - '0.054241'
      X-Github-Request-Id:
      - 9E86:4D96:970412:13A0F7C:5A50E3FE
    body:
      encoding: ASCII-8BIT
      string: '[{"sha":"40c01ab6ebec6cbd8ad9e521a732f941c169e557","commit":{"author":{"name":"Ellen
        Marie Dash","email":"me@duckie.co","date":"2017-08-05T20:39:01Z"},"committer":{"name":"Ellen
        Marie Dash","email":"me@duckie.co","date":"2017-08-05T20:39:01Z"},"message":"meep","tree":{"sha":"6911e0637822f44b83f04f47821adab56fdbc0b9","url":"https://api.github.com/repos/how-is/example-repository/git/trees/6911e0637822f44b83f04f47821adab56fdbc0b9"},"url":"https://api.github.com/repos/how-is/example-repository/git/commits/40c01ab6ebec6cbd8ad9e521a732f941c169e557","comment_count":0,"verification":{"verified":false,"reason":"unsigned","signature":null,"payload":null}},"url":"https://api.github.com/repos/how-is/example-repository/commits/40c01ab6ebec6cbd8ad9e521a732f941c169e557","html_url":"https://github.com/how-is/example-repository/commit/40c01ab6ebec6cbd8ad9e521a732f941c169e557","comments_url":"https://api.github.com/repos/how-is/example-repository/commits/40c01ab6ebec6cbd8ad9e521a732f941c169e557/comments","author":{"login":"duckinator","id":39698,"avatar_url":"https://avatars3.githubusercontent.com/u/39698?v=4","gravatar_id":"","url":"https://api.github.com/users/duckinator","html_url":"https://github.com/duckinator","followers_url":"https://api.github.com/users/duckinator/followers","following_url":"https://api.github.com/users/duckinator/following{/other_user}","gists_url":"https://api.github.com/users/duckinator/gists{/gist_id}","starred_url":"https://api.github.com/users/duckinator/starred{/owner}{/repo}","subscriptions_url":"https://api.github.com/users/duckinator/subscriptions","organizations_url":"https://api.github.com/users/duckinator/orgs","repos_url":"https://api.github.com/users/duckinator/repos","events_url":"https://api.github.com/users/duckinator/events{/privacy}","received_events_url":"https://api.github.com/users/duckinator/received_events","type":"User","site_admin":false},"committer":{"login":"duckinator","id":39698,"avatar_url":"https://avatars3.githubusercontent.com/u/39698?v=4","gravatar_id":"","url":"https://api.github.com/users/duckinator","html_url":"https://github.com/duckinator","followers_url":"https://api.github.com/users/duckinator/followers","following_url":"https://api.github.com/users/duckinator/following{/other_user}","gists_url":"https://api.github.com/users/duckinator/gists{/gist_id}","starred_url":"https://api.github.com/users/duckinator/starred{/owner}{/repo}","subscriptions_url":"https://api.github.com/users/duckinator/subscriptions","organizations_url":"https://api.github.com/users/duckinator/orgs","repos_url":"https://api.github.com/users/duckinator/repos","events_url":"https://api.github.com/users/duckinator/events{/privacy}","received_events_url":"https://api.github.com/users/duckinator/received_events","type":"User","site_admin":false},"parents":[{"sha":"3794aa1c4b76623748faf280abe5760b76823162","url":"https://api.github.com/repos/how-is/example-repository/commits/3794aa1c4b76623748faf280abe5760b76823162","html_url":"https://github.com/how-is/example-repository/commit/3794aa1c4b76623748faf280abe5760b76823162"}]},{"sha":"3794aa1c4b76623748faf280abe5760b76823162","commit":{"author":{"name":"fake
        author","email":"fake@duckinator.net","date":"2017-08-05T20:23:10Z"},"committer":{"name":"fake
        author","email":"fake@duckinator.net","date":"2017-08-05T20:23:10Z"},"message":"test
        commit","tree":{"sha":"8286e548e330cfe01efcf7189f4df1fa53e777a7","url":"https://api.github.com/repos/how-is/example-repository/git/trees/8286e548e330cfe01efcf7189f4df1fa53e777a7"},"url":"https://api.github.com/repos/how-is/example-repository/git/commits/3794aa1c4b76623748faf280abe5760b76823162","comment_count":0,"verification":{"verified":false,"reason":"unsigned","signature":null,"payload":null}},"url":"https://api.github.com/repos/how-is/example-repository/commits/3794aa1c4b76623748faf280abe5760b76823162","html_url":"https://github.com/how-is/example-repository/commit/3794aa1c4b76623748faf280abe5760b76823162","comments_url":"https://api.github.com/repos/how-is/example-repository/commits/3794aa1c4b76623748faf280abe5760b76823162/comments","author":null,"committer":null,"parents":[{"sha":"9e29405efa433529b86722542b8fb4b34dfd9edd","url":"https://api.github.com/repos/how-is/example-repository/commits/9e29405efa433529b86722542b8fb4b34dfd9edd","html_url":"https://github.com/how-is/example-repository/commit/9e29405efa433529b86722542b8fb4b34dfd9edd"}]}]'
    http_version: 
  recorded_at: Sat, 06 Jan 2018 14:58:07 GMT
- request:
    method: get
    uri: https://api.github.com/repos/how-is/example-repository/commits/40c01ab6ebec6cbd8ad9e521a732f941c169e557
    body:
      encoding: US-ASCII
      string: ''
    headers:
      Accept:
      - application/vnd.github.v3+json,application/vnd.github.beta+json;q=0.5,application/json;q=0.1
      Accept-Charset:
      - utf-8
      User-Agent:
      - Github API Ruby Gem 0.18.2
      Authorization:
      - Basic ZHVja2luYXRvcjo5MTgyNzc3ZmYzYzAwNjc5NTE5M2E1NzBjZGFjMzI2YjY0NDU5ZGM5
      Accept-Encoding:
      - gzip;q=1.0,deflate;q=0.6,identity;q=0.3
  response:
    status:
      code: 200
      message: OK
    headers:
      Server:
      - GitHub.com
      Date:
      - Sat, 06 Jan 2018 14:58:07 GMT
      Content-Type:
      - application/json; charset=utf-8
      Transfer-Encoding:
      - chunked
      Status:
      - 200 OK
      X-Ratelimit-Limit:
      - '5000'
      X-Ratelimit-Remaining:
      - '4948'
      X-Ratelimit-Reset:
      - '1515251555'
      Cache-Control:
      - private, max-age=60, s-maxage=60
      Vary:
      - Accept, Authorization, Cookie, X-GitHub-OTP
      Etag:
      - W/"49360a2175bed19b1eccd1a520c91373"
      Last-Modified:
      - Sat, 05 Aug 2017 20:39:01 GMT
      X-Oauth-Scopes:
      - ''
      X-Accepted-Oauth-Scopes:
      - ''
      X-Github-Media-Type:
      - github.v3; format=json
      Access-Control-Expose-Headers:
      - ETag, Link, Retry-After, X-GitHub-OTP, X-RateLimit-Limit, X-RateLimit-Remaining,
        X-RateLimit-Reset, X-OAuth-Scopes, X-Accepted-OAuth-Scopes, X-Poll-Interval
      Access-Control-Allow-Origin:
      - "*"
      Content-Security-Policy:
      - default-src 'none'
      Strict-Transport-Security:
      - max-age=31536000; includeSubdomains; preload
      X-Content-Type-Options:
      - nosniff
      X-Frame-Options:
      - deny
      X-Xss-Protection:
      - 1; mode=block
      X-Runtime-Rack:
      - '0.034110'
      X-Github-Request-Id:
      - 9E88:4D97:90279D:1C439A6:5A50E3FF
    body:
      encoding: ASCII-8BIT
      string: '{"sha":"40c01ab6ebec6cbd8ad9e521a732f941c169e557","commit":{"author":{"name":"Ellen
        Marie Dash","email":"me@duckie.co","date":"2017-08-05T20:39:01Z"},"committer":{"name":"Ellen
        Marie Dash","email":"me@duckie.co","date":"2017-08-05T20:39:01Z"},"message":"meep","tree":{"sha":"6911e0637822f44b83f04f47821adab56fdbc0b9","url":"https://api.github.com/repos/how-is/example-repository/git/trees/6911e0637822f44b83f04f47821adab56fdbc0b9"},"url":"https://api.github.com/repos/how-is/example-repository/git/commits/40c01ab6ebec6cbd8ad9e521a732f941c169e557","comment_count":0,"verification":{"verified":false,"reason":"unsigned","signature":null,"payload":null}},"url":"https://api.github.com/repos/how-is/example-repository/commits/40c01ab6ebec6cbd8ad9e521a732f941c169e557","html_url":"https://github.com/how-is/example-repository/commit/40c01ab6ebec6cbd8ad9e521a732f941c169e557","comments_url":"https://api.github.com/repos/how-is/example-repository/commits/40c01ab6ebec6cbd8ad9e521a732f941c169e557/comments","author":{"login":"duckinator","id":39698,"avatar_url":"https://avatars3.githubusercontent.com/u/39698?v=4","gravatar_id":"","url":"https://api.github.com/users/duckinator","html_url":"https://github.com/duckinator","followers_url":"https://api.github.com/users/duckinator/followers","following_url":"https://api.github.com/users/duckinator/following{/other_user}","gists_url":"https://api.github.com/users/duckinator/gists{/gist_id}","starred_url":"https://api.github.com/users/duckinator/starred{/owner}{/repo}","subscriptions_url":"https://api.github.com/users/duckinator/subscriptions","organizations_url":"https://api.github.com/users/duckinator/orgs","repos_url":"https://api.github.com/users/duckinator/repos","events_url":"https://api.github.com/users/duckinator/events{/privacy}","received_events_url":"https://api.github.com/users/duckinator/received_events","type":"User","site_admin":false},"committer":{"login":"duckinator","id":39698,"avatar_url":"https://avatars3.githubusercontent.com/u/39698?v=4","gravatar_id":"","url":"https://api.github.com/users/duckinator","html_url":"https://github.com/duckinator","followers_url":"https://api.github.com/users/duckinator/followers","following_url":"https://api.github.com/users/duckinator/following{/other_user}","gists_url":"https://api.github.com/users/duckinator/gists{/gist_id}","starred_url":"https://api.github.com/users/duckinator/starred{/owner}{/repo}","subscriptions_url":"https://api.github.com/users/duckinator/subscriptions","organizations_url":"https://api.github.com/users/duckinator/orgs","repos_url":"https://api.github.com/users/duckinator/repos","events_url":"https://api.github.com/users/duckinator/events{/privacy}","received_events_url":"https://api.github.com/users/duckinator/received_events","type":"User","site_admin":false},"parents":[{"sha":"3794aa1c4b76623748faf280abe5760b76823162","url":"https://api.github.com/repos/how-is/example-repository/commits/3794aa1c4b76623748faf280abe5760b76823162","html_url":"https://github.com/how-is/example-repository/commit/3794aa1c4b76623748faf280abe5760b76823162"}],"stats":{"total":2,"additions":1,"deletions":1},"files":[{"sha":"1573b3cd673938ed5f9ee8c41952c77b456ffab9","filename":"README.md","status":"modified","additions":1,"deletions":1,"changes":2,"blob_url":"https://github.com/how-is/example-repository/blob/40c01ab6ebec6cbd8ad9e521a732f941c169e557/README.md","raw_url":"https://github.com/how-is/example-repository/raw/40c01ab6ebec6cbd8ad9e521a732f941c169e557/README.md","contents_url":"https://api.github.com/repos/how-is/example-repository/contents/README.md?ref=40c01ab6ebec6cbd8ad9e521a732f941c169e557","patch":"@@
        -1,3 +1,3 @@\n # example-repository\n \n-Example repository for testing how_is.\n+An
        example repository for testing how_is."}]}'
    http_version: 
  recorded_at: Sat, 06 Jan 2018 14:58:07 GMT
- request:
    method: get
    uri: https://api.github.com/repos/how-is/example-repository/commits/3794aa1c4b76623748faf280abe5760b76823162
    body:
      encoding: US-ASCII
      string: ''
    headers:
      Accept:
      - application/vnd.github.v3+json,application/vnd.github.beta+json;q=0.5,application/json;q=0.1
      Accept-Charset:
      - utf-8
      User-Agent:
      - Github API Ruby Gem 0.18.2
      Authorization:
      - Basic ZHVja2luYXRvcjo5MTgyNzc3ZmYzYzAwNjc5NTE5M2E1NzBjZGFjMzI2YjY0NDU5ZGM5
      Accept-Encoding:
      - gzip;q=1.0,deflate;q=0.6,identity;q=0.3
  response:
    status:
      code: 200
      message: OK
    headers:
      Server:
      - GitHub.com
      Date:
      - Sat, 06 Jan 2018 14:58:07 GMT
      Content-Type:
      - application/json; charset=utf-8
      Transfer-Encoding:
      - chunked
      Status:
      - 200 OK
      X-Ratelimit-Limit:
      - '5000'
      X-Ratelimit-Remaining:
      - '4947'
      X-Ratelimit-Reset:
      - '1515251555'
      Cache-Control:
      - private, max-age=60, s-maxage=60
      Vary:
      - Accept, Authorization, Cookie, X-GitHub-OTP
      Etag:
      - W/"e5cd87ba99eb952e4286cf96f8d837b9"
      Last-Modified:
      - Sat, 05 Aug 2017 20:23:10 GMT
      X-Oauth-Scopes:
      - ''
      X-Accepted-Oauth-Scopes:
      - ''
      X-Github-Media-Type:
      - github.v3; format=json
      Access-Control-Expose-Headers:
      - ETag, Link, Retry-After, X-GitHub-OTP, X-RateLimit-Limit, X-RateLimit-Remaining,
        X-RateLimit-Reset, X-OAuth-Scopes, X-Accepted-OAuth-Scopes, X-Poll-Interval
      Access-Control-Allow-Origin:
      - "*"
      Content-Security-Policy:
      - default-src 'none'
      Strict-Transport-Security:
      - max-age=31536000; includeSubdomains; preload
      X-Content-Type-Options:
      - nosniff
      X-Frame-Options:
      - deny
      X-Xss-Protection:
      - 1; mode=block
      X-Runtime-Rack:
      - '0.034243'
      X-Github-Request-Id:
      - 9E8A:4D95:F4578D:1C7F4EC:5A50E3FF
    body:
      encoding: ASCII-8BIT
      string: '{"sha":"3794aa1c4b76623748faf280abe5760b76823162","commit":{"author":{"name":"fake
        author","email":"fake@duckinator.net","date":"2017-08-05T20:23:10Z"},"committer":{"name":"fake
        author","email":"fake@duckinator.net","date":"2017-08-05T20:23:10Z"},"message":"test
        commit","tree":{"sha":"8286e548e330cfe01efcf7189f4df1fa53e777a7","url":"https://api.github.com/repos/how-is/example-repository/git/trees/8286e548e330cfe01efcf7189f4df1fa53e777a7"},"url":"https://api.github.com/repos/how-is/example-repository/git/commits/3794aa1c4b76623748faf280abe5760b76823162","comment_count":0,"verification":{"verified":false,"reason":"unsigned","signature":null,"payload":null}},"url":"https://api.github.com/repos/how-is/example-repository/commits/3794aa1c4b76623748faf280abe5760b76823162","html_url":"https://github.com/how-is/example-repository/commit/3794aa1c4b76623748faf280abe5760b76823162","comments_url":"https://api.github.com/repos/how-is/example-repository/commits/3794aa1c4b76623748faf280abe5760b76823162/comments","author":null,"committer":null,"parents":[{"sha":"9e29405efa433529b86722542b8fb4b34dfd9edd","url":"https://api.github.com/repos/how-is/example-repository/commits/9e29405efa433529b86722542b8fb4b34dfd9edd","html_url":"https://github.com/how-is/example-repository/commit/9e29405efa433529b86722542b8fb4b34dfd9edd"}],"stats":{"total":1,"additions":1,"deletions":0},"files":[{"sha":"a69ca6962d2a86d7c5a041338938e0b4fe6bf515","filename":"README.md","status":"modified","additions":1,"deletions":0,"changes":1,"blob_url":"https://github.com/how-is/example-repository/blob/3794aa1c4b76623748faf280abe5760b76823162/README.md","raw_url":"https://github.com/how-is/example-repository/raw/3794aa1c4b76623748faf280abe5760b76823162/README.md","contents_url":"https://api.github.com/repos/how-is/example-repository/contents/README.md?ref=3794aa1c4b76623748faf280abe5760b76823162","patch":"@@
        -1,2 +1,3 @@\n # example-repository\n+\n Example repository for testing how_is."}]}'
    http_version: 
  recorded_at: Sat, 06 Jan 2018 14:58:07 GMT
- request:
    method: get
    uri: https://api.github.com/repos/how-is/example-repository/commits?since=2017-08-1&until=2017-09-01
    body:
      encoding: US-ASCII
      string: ''
    headers:
      Accept:
      - application/vnd.github.v3+json,application/vnd.github.beta+json;q=0.5,application/json;q=0.1
      Accept-Charset:
      - utf-8
      User-Agent:
      - Github API Ruby Gem 0.18.2
      Authorization:
      - Basic ZHVja2luYXRvcjo5MTgyNzc3ZmYzYzAwNjc5NTE5M2E1NzBjZGFjMzI2YjY0NDU5ZGM5
      Accept-Encoding:
      - gzip;q=1.0,deflate;q=0.6,identity;q=0.3
  response:
    status:
      code: 200
      message: OK
    headers:
      Server:
      - GitHub.com
      Date:
      - Sat, 06 Jan 2018 19:39:27 GMT
      Content-Type:
      - application/json; charset=utf-8
      Transfer-Encoding:
      - chunked
      Status:
      - 200 OK
      X-Ratelimit-Limit:
      - '5000'
      X-Ratelimit-Remaining:
      - '4838'
      X-Ratelimit-Reset:
      - '1515270096'
      Cache-Control:
      - private, max-age=60, s-maxage=60
      Vary:
      - Accept, Authorization, Cookie, X-GitHub-OTP
      Etag:
      - W/"16344326ad40df166c215da19f534621"
      Last-Modified:
      - Sat, 05 Aug 2017 20:39:01 GMT
      X-Oauth-Scopes:
      - ''
      X-Accepted-Oauth-Scopes:
      - ''
      X-Github-Media-Type:
      - github.v3; format=json
      Access-Control-Expose-Headers:
      - ETag, Link, Retry-After, X-GitHub-OTP, X-RateLimit-Limit, X-RateLimit-Remaining,
        X-RateLimit-Reset, X-OAuth-Scopes, X-Accepted-OAuth-Scopes, X-Poll-Interval
      Access-Control-Allow-Origin:
      - "*"
      Content-Security-Policy:
      - default-src 'none'
      Strict-Transport-Security:
      - max-age=31536000; includeSubdomains; preload
      X-Content-Type-Options:
      - nosniff
      X-Frame-Options:
      - deny
      X-Xss-Protection:
      - 1; mode=block
      X-Runtime-Rack:
      - '0.052959'
      X-Github-Request-Id:
      - ED34:4D95:1093C7C:1EEF6D8:5A5125EF
    body:
      encoding: ASCII-8BIT
      string: '[{"sha":"40c01ab6ebec6cbd8ad9e521a732f941c169e557","commit":{"author":{"name":"Ellen
        Marie Dash","email":"me@duckie.co","date":"2017-08-05T20:39:01Z"},"committer":{"name":"Ellen
        Marie Dash","email":"me@duckie.co","date":"2017-08-05T20:39:01Z"},"message":"meep","tree":{"sha":"6911e0637822f44b83f04f47821adab56fdbc0b9","url":"https://api.github.com/repos/how-is/example-repository/git/trees/6911e0637822f44b83f04f47821adab56fdbc0b9"},"url":"https://api.github.com/repos/how-is/example-repository/git/commits/40c01ab6ebec6cbd8ad9e521a732f941c169e557","comment_count":0,"verification":{"verified":false,"reason":"unsigned","signature":null,"payload":null}},"url":"https://api.github.com/repos/how-is/example-repository/commits/40c01ab6ebec6cbd8ad9e521a732f941c169e557","html_url":"https://github.com/how-is/example-repository/commit/40c01ab6ebec6cbd8ad9e521a732f941c169e557","comments_url":"https://api.github.com/repos/how-is/example-repository/commits/40c01ab6ebec6cbd8ad9e521a732f941c169e557/comments","author":{"login":"duckinator","id":39698,"avatar_url":"https://avatars3.githubusercontent.com/u/39698?v=4","gravatar_id":"","url":"https://api.github.com/users/duckinator","html_url":"https://github.com/duckinator","followers_url":"https://api.github.com/users/duckinator/followers","following_url":"https://api.github.com/users/duckinator/following{/other_user}","gists_url":"https://api.github.com/users/duckinator/gists{/gist_id}","starred_url":"https://api.github.com/users/duckinator/starred{/owner}{/repo}","subscriptions_url":"https://api.github.com/users/duckinator/subscriptions","organizations_url":"https://api.github.com/users/duckinator/orgs","repos_url":"https://api.github.com/users/duckinator/repos","events_url":"https://api.github.com/users/duckinator/events{/privacy}","received_events_url":"https://api.github.com/users/duckinator/received_events","type":"User","site_admin":false},"committer":{"login":"duckinator","id":39698,"avatar_url":"https://avatars3.githubusercontent.com/u/39698?v=4","gravatar_id":"","url":"https://api.github.com/users/duckinator","html_url":"https://github.com/duckinator","followers_url":"https://api.github.com/users/duckinator/followers","following_url":"https://api.github.com/users/duckinator/following{/other_user}","gists_url":"https://api.github.com/users/duckinator/gists{/gist_id}","starred_url":"https://api.github.com/users/duckinator/starred{/owner}{/repo}","subscriptions_url":"https://api.github.com/users/duckinator/subscriptions","organizations_url":"https://api.github.com/users/duckinator/orgs","repos_url":"https://api.github.com/users/duckinator/repos","events_url":"https://api.github.com/users/duckinator/events{/privacy}","received_events_url":"https://api.github.com/users/duckinator/received_events","type":"User","site_admin":false},"parents":[{"sha":"3794aa1c4b76623748faf280abe5760b76823162","url":"https://api.github.com/repos/how-is/example-repository/commits/3794aa1c4b76623748faf280abe5760b76823162","html_url":"https://github.com/how-is/example-repository/commit/3794aa1c4b76623748faf280abe5760b76823162"}]},{"sha":"3794aa1c4b76623748faf280abe5760b76823162","commit":{"author":{"name":"fake
        author","email":"fake@duckinator.net","date":"2017-08-05T20:23:10Z"},"committer":{"name":"fake
        author","email":"fake@duckinator.net","date":"2017-08-05T20:23:10Z"},"message":"test
        commit","tree":{"sha":"8286e548e330cfe01efcf7189f4df1fa53e777a7","url":"https://api.github.com/repos/how-is/example-repository/git/trees/8286e548e330cfe01efcf7189f4df1fa53e777a7"},"url":"https://api.github.com/repos/how-is/example-repository/git/commits/3794aa1c4b76623748faf280abe5760b76823162","comment_count":0,"verification":{"verified":false,"reason":"unsigned","signature":null,"payload":null}},"url":"https://api.github.com/repos/how-is/example-repository/commits/3794aa1c4b76623748faf280abe5760b76823162","html_url":"https://github.com/how-is/example-repository/commit/3794aa1c4b76623748faf280abe5760b76823162","comments_url":"https://api.github.com/repos/how-is/example-repository/commits/3794aa1c4b76623748faf280abe5760b76823162/comments","author":null,"committer":null,"parents":[{"sha":"9e29405efa433529b86722542b8fb4b34dfd9edd","url":"https://api.github.com/repos/how-is/example-repository/commits/9e29405efa433529b86722542b8fb4b34dfd9edd","html_url":"https://github.com/how-is/example-repository/commit/9e29405efa433529b86722542b8fb4b34dfd9edd"}]}]'
    http_version: 
  recorded_at: Sat, 06 Jan 2018 19:39:27 GMT
- request:
    method: get
    uri: https://api.github.com/repos/how-is/example-repository/commits?since=2017-08-01&until=2017-09-01
    body:
      encoding: US-ASCII
      string: ''
    headers:
      Accept:
      - application/vnd.github.v3+json,application/vnd.github.beta+json;q=0.5,application/json;q=0.1
      Accept-Charset:
      - utf-8
      User-Agent:
      - Github API Ruby Gem 0.18.2
      Authorization:
      - Basic ZHVja2luYXRvcjo5MTgyNzc3ZmYzYzAwNjc5NTE5M2E1NzBjZGFjMzI2YjY0NDU5ZGM5
      Accept-Encoding:
      - gzip;q=1.0,deflate;q=0.6,identity;q=0.3
  response:
    status:
      code: 200
      message: OK
    headers:
      Server:
      - GitHub.com
      Date:
      - Sat, 06 Jan 2018 20:10:44 GMT
      Content-Type:
      - application/json; charset=utf-8
      Transfer-Encoding:
      - chunked
      Status:
      - 200 OK
      X-Ratelimit-Limit:
      - '5000'
      X-Ratelimit-Remaining:
      - '4819'
      X-Ratelimit-Reset:
      - '1515270096'
      Cache-Control:
      - private, max-age=60, s-maxage=60
      Vary:
      - Accept, Authorization, Cookie, X-GitHub-OTP
      Etag:
      - W/"16344326ad40df166c215da19f534621"
      Last-Modified:
      - Sat, 05 Aug 2017 20:39:01 GMT
      X-Oauth-Scopes:
      - ''
      X-Accepted-Oauth-Scopes:
      - ''
      X-Github-Media-Type:
      - github.v3; format=json
      Access-Control-Expose-Headers:
      - ETag, Link, Retry-After, X-GitHub-OTP, X-RateLimit-Limit, X-RateLimit-Remaining,
        X-RateLimit-Reset, X-OAuth-Scopes, X-Accepted-OAuth-Scopes, X-Poll-Interval
      Access-Control-Allow-Origin:
      - "*"
      Content-Security-Policy:
      - default-src 'none'
      Strict-Transport-Security:
      - max-age=31536000; includeSubdomains; preload
      X-Content-Type-Options:
      - nosniff
      X-Frame-Options:
      - deny
      X-Xss-Protection:
      - 1; mode=block
      X-Runtime-Rack:
      - '0.055058'
      X-Github-Request-Id:
      - CC02:4D96:A4C431:156D653:5A512D44
    body:
      encoding: ASCII-8BIT
      string: '[{"sha":"40c01ab6ebec6cbd8ad9e521a732f941c169e557","commit":{"author":{"name":"Ellen
        Marie Dash","email":"me@duckie.co","date":"2017-08-05T20:39:01Z"},"committer":{"name":"Ellen
        Marie Dash","email":"me@duckie.co","date":"2017-08-05T20:39:01Z"},"message":"meep","tree":{"sha":"6911e0637822f44b83f04f47821adab56fdbc0b9","url":"https://api.github.com/repos/how-is/example-repository/git/trees/6911e0637822f44b83f04f47821adab56fdbc0b9"},"url":"https://api.github.com/repos/how-is/example-repository/git/commits/40c01ab6ebec6cbd8ad9e521a732f941c169e557","comment_count":0,"verification":{"verified":false,"reason":"unsigned","signature":null,"payload":null}},"url":"https://api.github.com/repos/how-is/example-repository/commits/40c01ab6ebec6cbd8ad9e521a732f941c169e557","html_url":"https://github.com/how-is/example-repository/commit/40c01ab6ebec6cbd8ad9e521a732f941c169e557","comments_url":"https://api.github.com/repos/how-is/example-repository/commits/40c01ab6ebec6cbd8ad9e521a732f941c169e557/comments","author":{"login":"duckinator","id":39698,"avatar_url":"https://avatars3.githubusercontent.com/u/39698?v=4","gravatar_id":"","url":"https://api.github.com/users/duckinator","html_url":"https://github.com/duckinator","followers_url":"https://api.github.com/users/duckinator/followers","following_url":"https://api.github.com/users/duckinator/following{/other_user}","gists_url":"https://api.github.com/users/duckinator/gists{/gist_id}","starred_url":"https://api.github.com/users/duckinator/starred{/owner}{/repo}","subscriptions_url":"https://api.github.com/users/duckinator/subscriptions","organizations_url":"https://api.github.com/users/duckinator/orgs","repos_url":"https://api.github.com/users/duckinator/repos","events_url":"https://api.github.com/users/duckinator/events{/privacy}","received_events_url":"https://api.github.com/users/duckinator/received_events","type":"User","site_admin":false},"committer":{"login":"duckinator","id":39698,"avatar_url":"https://avatars3.githubusercontent.com/u/39698?v=4","gravatar_id":"","url":"https://api.github.com/users/duckinator","html_url":"https://github.com/duckinator","followers_url":"https://api.github.com/users/duckinator/followers","following_url":"https://api.github.com/users/duckinator/following{/other_user}","gists_url":"https://api.github.com/users/duckinator/gists{/gist_id}","starred_url":"https://api.github.com/users/duckinator/starred{/owner}{/repo}","subscriptions_url":"https://api.github.com/users/duckinator/subscriptions","organizations_url":"https://api.github.com/users/duckinator/orgs","repos_url":"https://api.github.com/users/duckinator/repos","events_url":"https://api.github.com/users/duckinator/events{/privacy}","received_events_url":"https://api.github.com/users/duckinator/received_events","type":"User","site_admin":false},"parents":[{"sha":"3794aa1c4b76623748faf280abe5760b76823162","url":"https://api.github.com/repos/how-is/example-repository/commits/3794aa1c4b76623748faf280abe5760b76823162","html_url":"https://github.com/how-is/example-repository/commit/3794aa1c4b76623748faf280abe5760b76823162"}]},{"sha":"3794aa1c4b76623748faf280abe5760b76823162","commit":{"author":{"name":"fake
        author","email":"fake@duckinator.net","date":"2017-08-05T20:23:10Z"},"committer":{"name":"fake
        author","email":"fake@duckinator.net","date":"2017-08-05T20:23:10Z"},"message":"test
        commit","tree":{"sha":"8286e548e330cfe01efcf7189f4df1fa53e777a7","url":"https://api.github.com/repos/how-is/example-repository/git/trees/8286e548e330cfe01efcf7189f4df1fa53e777a7"},"url":"https://api.github.com/repos/how-is/example-repository/git/commits/3794aa1c4b76623748faf280abe5760b76823162","comment_count":0,"verification":{"verified":false,"reason":"unsigned","signature":null,"payload":null}},"url":"https://api.github.com/repos/how-is/example-repository/commits/3794aa1c4b76623748faf280abe5760b76823162","html_url":"https://github.com/how-is/example-repository/commit/3794aa1c4b76623748faf280abe5760b76823162","comments_url":"https://api.github.com/repos/how-is/example-repository/commits/3794aa1c4b76623748faf280abe5760b76823162/comments","author":null,"committer":null,"parents":[{"sha":"9e29405efa433529b86722542b8fb4b34dfd9edd","url":"https://api.github.com/repos/how-is/example-repository/commits/9e29405efa433529b86722542b8fb4b34dfd9edd","html_url":"https://github.com/how-is/example-repository/commit/9e29405efa433529b86722542b8fb4b34dfd9edd"}]}]'
    http_version: 
  recorded_at: Sat, 06 Jan 2018 20:10:44 GMT
recorded_with: VCR 3.0.3
